<?xml version="1.0" encoding="UTF-8"?>
<quantity>0</quantity>
